MPLINK 5.09, LINKER
Linker Map File - Created Sun May 29 17:31:50 2022

                                 Section Info
                  Section       Type    Address   Location Size(Bytes)
                ---------  ---------  ---------  ---------  ---------
                 RES_VECT       code   0x000000    program   0x000004
                   .cinit    romdata   0x000004    program   0x000002
                MAIN_PROG       code   0x000006    program   0x000082
.config_300001_BUILD/DEFAULT/PRODUCTION/TRABALH    romdata   0x300001    program   0x000001
.config_300003_BUILD/DEFAULT/PRODUCTION/TRABALH    romdata   0x300003    program   0x000001
.config_300006_BUILD/DEFAULT/PRODUCTION/TRABALH    romdata   0x300006    program   0x000001
                VARIAVEIS      udata   0x000000       data   0x000003



                              Program Memory Usage 
                               Start         End      
                           ---------   ---------      
                            0x000000    0x000087      
                            0x300001    0x300001      
                            0x300003    0x300003      
                            0x300006    0x300006      
            139 out of 33048 program addresses used, program memory utilization is 0%



                              Symbols - Sorted by Name
                     Name    Address   Location    Storage File                     
                ---------  ---------  ---------  --------- ---------                
                    DELAY   0x000074    program     static C:\Users\eline\Desktop\Trabalho01Micro\Trabalho01Micro.X\trabalho01Micro.asm
               DELAY200MS   0x000052    program     static C:\Users\eline\Desktop\Trabalho01Micro\Trabalho01Micro.X\trabalho01Micro.asm
                DELAY200U   0x000070    program     static C:\Users\eline\Desktop\Trabalho01Micro\Trabalho01Micro.X\trabalho01Micro.asm
                   DELAYM   0x000056    program     static C:\Users\eline\Desktop\Trabalho01Micro\Trabalho01Micro.X\trabalho01Micro.asm
                     LOOP   0x00000e    program     static C:\Users\eline\Desktop\Trabalho01Micro\Trabalho01Micro.X\trabalho01Micro.asm
                      SEC   0x000022    program     static C:\Users\eline\Desktop\Trabalho01Micro\Trabalho01Micro.X\trabalho01Micro.asm
                    START   0x000006    program     static C:\Users\eline\Desktop\Trabalho01Micro\Trabalho01Micro.X\trabalho01Micro.asm
                    CONT1   0x000000       data     static C:\Users\eline\Desktop\Trabalho01Micro\Trabalho01Micro.X\trabalho01Micro.asm
                    CONT2   0x000001       data     static C:\Users\eline\Desktop\Trabalho01Micro\Trabalho01Micro.X\trabalho01Micro.asm
                     TEMP   0x000002       data     static C:\Users\eline\Desktop\Trabalho01Micro\Trabalho01Micro.X\trabalho01Micro.asm



                              Symbols - Sorted by Address
                     Name    Address   Location    Storage File                     
                ---------  ---------  ---------  --------- ---------                
                    START   0x000006    program     static C:\Users\eline\Desktop\Trabalho01Micro\Trabalho01Micro.X\trabalho01Micro.asm
                     LOOP   0x00000e    program     static C:\Users\eline\Desktop\Trabalho01Micro\Trabalho01Micro.X\trabalho01Micro.asm
                      SEC   0x000022    program     static C:\Users\eline\Desktop\Trabalho01Micro\Trabalho01Micro.X\trabalho01Micro.asm
               DELAY200MS   0x000052    program     static C:\Users\eline\Desktop\Trabalho01Micro\Trabalho01Micro.X\trabalho01Micro.asm
                   DELAYM   0x000056    program     static C:\Users\eline\Desktop\Trabalho01Micro\Trabalho01Micro.X\trabalho01Micro.asm
                DELAY200U   0x000070    program     static C:\Users\eline\Desktop\Trabalho01Micro\Trabalho01Micro.X\trabalho01Micro.asm
                    DELAY   0x000074    program     static C:\Users\eline\Desktop\Trabalho01Micro\Trabalho01Micro.X\trabalho01Micro.asm
                    CONT1   0x000000       data     static C:\Users\eline\Desktop\Trabalho01Micro\Trabalho01Micro.X\trabalho01Micro.asm
                    CONT2   0x000001       data     static C:\Users\eline\Desktop\Trabalho01Micro\Trabalho01Micro.X\trabalho01Micro.asm
                     TEMP   0x000002       data     static C:\Users\eline\Desktop\Trabalho01Micro\Trabalho01Micro.X\trabalho01Micro.asm


